// Jest Snapshot v1, https://goo.gl/fbAQLP

exports[`PokemonCard renderAllCards 1`] = `
{
  "asFragment": [Function],
  "baseElement": <body>
    <div>
      <a
        href="/pokemon/4"
      >
        <div
          class="bg-white shadow-lg rounded-lg transform transition duration-300 hover:scale-105"
        >
          <img
            alt="loading"
            class=" h-32 object-contain"
            data-nimg="1"
            decoding="async"
            height="200"
            loading="lazy"
            src="/_next/image?url=https%3A%2F%2Fraw.githubusercontent.com%2FPokeAPI%2Fsprites%2Fmaster%2Fsprites%2Fpokemon%2F4.png&w=640&q=75"
            srcset="/_next/image?url=https%3A%2F%2Fraw.githubusercontent.com%2FPokeAPI%2Fsprites%2Fmaster%2Fsprites%2Fpokemon%2F4.png&w=256&q=75 1x, /_next/image?url=https%3A%2F%2Fraw.githubusercontent.com%2FPokeAPI%2Fsprites%2Fmaster%2Fsprites%2Fpokemon%2F4.png&w=640&q=75 2x"
            style="color: transparent;"
            width="200"
          />
          <div
            class="p-4 font-semibold text-gray-800"
          >
            <h2>
              charmander
            </h2>
          </div>
        </div>
      </a>
    </div>
  </body>,
  "container": <div>
    <a
      href="/pokemon/4"
    >
      <div
        class="bg-white shadow-lg rounded-lg transform transition duration-300 hover:scale-105"
      >
        <img
          alt="loading"
          class=" h-32 object-contain"
          data-nimg="1"
          decoding="async"
          height="200"
          loading="lazy"
          src="/_next/image?url=https%3A%2F%2Fraw.githubusercontent.com%2FPokeAPI%2Fsprites%2Fmaster%2Fsprites%2Fpokemon%2F4.png&w=640&q=75"
          srcset="/_next/image?url=https%3A%2F%2Fraw.githubusercontent.com%2FPokeAPI%2Fsprites%2Fmaster%2Fsprites%2Fpokemon%2F4.png&w=256&q=75 1x, /_next/image?url=https%3A%2F%2Fraw.githubusercontent.com%2FPokeAPI%2Fsprites%2Fmaster%2Fsprites%2Fpokemon%2F4.png&w=640&q=75 2x"
          style="color: transparent;"
          width="200"
        />
        <div
          class="p-4 font-semibold text-gray-800"
        >
          <h2>
            charmander
          </h2>
        </div>
      </div>
    </a>
  </div>,
  "debug": [Function],
  "findAllByAltText": [Function],
  "findAllByDisplayValue": [Function],
  "findAllByLabelText": [Function],
  "findAllByPlaceholderText": [Function],
  "findAllByRole": [Function],
  "findAllByTestId": [Function],
  "findAllByText": [Function],
  "findAllByTitle": [Function],
  "findByAltText": [Function],
  "findByDisplayValue": [Function],
  "findByLabelText": [Function],
  "findByPlaceholderText": [Function],
  "findByRole": [Function],
  "findByTestId": [Function],
  "findByText": [Function],
  "findByTitle": [Function],
  "getAllByAltText": [Function],
  "getAllByDisplayValue": [Function],
  "getAllByLabelText": [Function],
  "getAllByPlaceholderText": [Function],
  "getAllByRole": [Function],
  "getAllByTestId": [Function],
  "getAllByText": [Function],
  "getAllByTitle": [Function],
  "getByAltText": [Function],
  "getByDisplayValue": [Function],
  "getByLabelText": [Function],
  "getByPlaceholderText": [Function],
  "getByRole": [Function],
  "getByTestId": [Function],
  "getByText": [Function],
  "getByTitle": [Function],
  "queryAllByAltText": [Function],
  "queryAllByDisplayValue": [Function],
  "queryAllByLabelText": [Function],
  "queryAllByPlaceholderText": [Function],
  "queryAllByRole": [Function],
  "queryAllByTestId": [Function],
  "queryAllByText": [Function],
  "queryAllByTitle": [Function],
  "queryByAltText": [Function],
  "queryByDisplayValue": [Function],
  "queryByLabelText": [Function],
  "queryByPlaceholderText": [Function],
  "queryByRole": [Function],
  "queryByTestId": [Function],
  "queryByText": [Function],
  "queryByTitle": [Function],
  "rerender": [Function],
  "unmount": [Function],
}
`;
